CRITICAL - 2026-09-30 06:12:42 --> CodeIgniter\Session\Exceptions\SessionException: Session: Configured save path "C:\Users\Joseph Jadlocon\OneDrive\New Folder\Son-Sun-Solar\writable\session" is not writable by the PHP process.
[Method: GET, Route: /]
in SYSTEMPATH\Session\Handlers\FileHandler.php on line 102.
 1 SYSTEMPATH\Session\Handlers\FileHandler.php(102): CodeIgniter\Session\Exceptions\SessionException::forWriteProtectedSavePath('C:\\Users\\Joseph Jadlocon\\OneDrive\\New Folder\\Son-Sun-Solar\\writable\\session')
 2 [internal function]: CodeIgniter\Session\Handlers\FileHandler->open('C:\\Users\\Joseph Jadlocon\\OneDrive\\New Folder\\Son-Sun-Solar\\writable\\session', 'ci_session')
 3 SYSTEMPATH\Session\Session.php(625): session_start()
 4 SYSTEMPATH\Session\Session.php(120): CodeIgniter\Session\Session->startSession()
 5 SYSTEMPATH\Config\Services.php(715): CodeIgniter\Session\Session->start()
 6 SYSTEMPATH\Config\BaseService.php(325): CodeIgniter\Config\Services::session(Object(Config\Session), false)
 7 SYSTEMPATH\Config\BaseService.php(264): CodeIgniter\Config\BaseService::__callStatic('session', [...])
 8 SYSTEMPATH\Config\Services.php(668): CodeIgniter\Config\BaseService::getSharedInstance('session', null)
 9 SYSTEMPATH\Config\BaseService.php(334): CodeIgniter\Config\Services::session()
10 SYSTEMPATH\Config\BaseService.php(203): CodeIgniter\Config\BaseService::__callStatic('session', [])
11 SYSTEMPATH\Common.php(1078): CodeIgniter\Config\BaseService::get('session')
12 SYSTEMPATH\Common.php(1051): service('session')
13 APPPATH\Views\layout\header.php(25): session()
14 SYSTEMPATH\View\View.php(240): include('C:\\Users\\Joseph Jadlocon\\OneDrive\\New Folder\\Son-Sun-Solar\\app\\Views\\layout\\header.php')
15 SYSTEMPATH\View\View.php(243): CodeIgniter\View\View->CodeIgniter\View\{closure}()
16 SYSTEMPATH\Common.php(1250): CodeIgniter\View\View->render('layout/header', [], true)
17 APPPATH\Views\home.php(1): view('layout/header')
18 SYSTEMPATH\View\View.php(240): include('C:\\Users\\Joseph Jadlocon\\OneDrive\\New Folder\\Son-Sun-Solar\\app\\Views\\home.php')
19 SYSTEMPATH\View\View.php(243): CodeIgniter\View\View->CodeIgniter\View\{closure}()
20 SYSTEMPATH\Common.php(1250): CodeIgniter\View\View->render('home', [], true)
21 APPPATH\Controllers\Pages.php(11): view('home')
22 SYSTEMPATH\CodeIgniter.php(951): App\Controllers\Pages->home()
23 SYSTEMPATH\CodeIgniter.php(497): CodeIgniter\CodeIgniter->runController(Object(App\Controllers\Pages))
24 SYSTEMPATH\CodeIgniter.php(340): CodeIgniter\CodeIgniter->handleRequest(null, Object(Config\Cache), false)
25 SYSTEMPATH\Boot.php(417): CodeIgniter\CodeIgniter->run()
26 SYSTEMPATH\Boot.php(68): CodeIgniter\Boot::runCodeIgniter(Object(CodeIgniter\CodeIgniter))
27 FCPATH\index.php(59): CodeIgniter\Boot::bootWeb(Object(Config\Paths))
28 SYSTEMPATH\rewrite.php(44): require_once('C:\\Users\\Joseph Jadlocon\\OneDrive\\New Folder\\Son-Sun-Solar\\public\\index.php')
CRITICAL - 2026-09-30 06:13:02 --> CodeIgniter\Session\Exceptions\SessionException: Session: Configured save path "C:\Users\Joseph Jadlocon\OneDrive\New Folder\Son-Sun-Solar\writable\session" is not writable by the PHP process.
[Method: GET, Route: /]
in SYSTEMPATH\Session\Handlers\FileHandler.php on line 102.
 1 SYSTEMPATH\Session\Handlers\FileHandler.php(102): CodeIgniter\Session\Exceptions\SessionException::forWriteProtectedSavePath('C:\\Users\\Joseph Jadlocon\\OneDrive\\New Folder\\Son-Sun-Solar\\writable\\session')
 2 [internal function]: CodeIgniter\Session\Handlers\FileHandler->open('C:\\Users\\Joseph Jadlocon\\OneDrive\\New Folder\\Son-Sun-Solar\\writable\\session', 'ci_session')
 3 SYSTEMPATH\Session\Session.php(625): session_start()
 4 SYSTEMPATH\Session\Session.php(120): CodeIgniter\Session\Session->startSession()
 5 SYSTEMPATH\Config\Services.php(715): CodeIgniter\Session\Session->start()
 6 SYSTEMPATH\Config\BaseService.php(325): CodeIgniter\Config\Services::session(Object(Config\Session), false)
 7 SYSTEMPATH\Config\BaseService.php(264): CodeIgniter\Config\BaseService::__callStatic('session', [...])
 8 SYSTEMPATH\Config\Services.php(668): CodeIgniter\Config\BaseService::getSharedInstance('session', null)
 9 SYSTEMPATH\Config\BaseService.php(334): CodeIgniter\Config\Services::session()
10 SYSTEMPATH\Config\BaseService.php(203): CodeIgniter\Config\BaseService::__callStatic('session', [])
11 SYSTEMPATH\Common.php(1078): CodeIgniter\Config\BaseService::get('session')
12 SYSTEMPATH\Common.php(1051): service('session')
13 APPPATH\Views\layout\header.php(25): session()
14 SYSTEMPATH\View\View.php(240): include('C:\\Users\\Joseph Jadlocon\\OneDrive\\New Folder\\Son-Sun-Solar\\app\\Views\\layout\\header.php')
15 SYSTEMPATH\View\View.php(243): CodeIgniter\View\View->CodeIgniter\View\{closure}()
16 SYSTEMPATH\Common.php(1250): CodeIgniter\View\View->render('layout/header', [], true)
17 APPPATH\Views\home.php(1): view('layout/header')
18 SYSTEMPATH\View\View.php(240): include('C:\\Users\\Joseph Jadlocon\\OneDrive\\New Folder\\Son-Sun-Solar\\app\\Views\\home.php')
19 SYSTEMPATH\View\View.php(243): CodeIgniter\View\View->CodeIgniter\View\{closure}()
20 SYSTEMPATH\Common.php(1250): CodeIgniter\View\View->render('home', [], true)
21 APPPATH\Controllers\Pages.php(11): view('home')
22 SYSTEMPATH\CodeIgniter.php(951): App\Controllers\Pages->home()
23 SYSTEMPATH\CodeIgniter.php(497): CodeIgniter\CodeIgniter->runController(Object(App\Controllers\Pages))
24 SYSTEMPATH\CodeIgniter.php(340): CodeIgniter\CodeIgniter->handleRequest(null, Object(Config\Cache), false)
25 SYSTEMPATH\Boot.php(417): CodeIgniter\CodeIgniter->run()
26 SYSTEMPATH\Boot.php(68): CodeIgniter\Boot::runCodeIgniter(Object(CodeIgniter\CodeIgniter))
27 FCPATH\index.php(59): CodeIgniter\Boot::bootWeb(Object(Config\Paths))
28 SYSTEMPATH\rewrite.php(44): require_once('C:\\Users\\Joseph Jadlocon\\OneDrive\\New Folder\\Son-Sun-Solar\\public\\index.php')
CRITICAL - 2026-09-30 06:13:31 --> CodeIgniter\Session\Exceptions\SessionException: Session: Configured save path "C:\Users\Joseph Jadlocon\OneDrive\New Folder\Son-Sun-Solar\writable\session" is not writable by the PHP process.
[Method: GET, Route: /]
in SYSTEMPATH\Session\Handlers\FileHandler.php on line 102.
 1 SYSTEMPATH\Session\Handlers\FileHandler.php(102): CodeIgniter\Session\Exceptions\SessionException::forWriteProtectedSavePath('C:\\Users\\Joseph Jadlocon\\OneDrive\\New Folder\\Son-Sun-Solar\\writable\\session')
 2 [internal function]: CodeIgniter\Session\Handlers\FileHandler->open('C:\\Users\\Joseph Jadlocon\\OneDrive\\New Folder\\Son-Sun-Solar\\writable\\session', 'ci_session')
 3 SYSTEMPATH\Session\Session.php(625): session_start()
 4 SYSTEMPATH\Session\Session.php(120): CodeIgniter\Session\Session->startSession()
 5 SYSTEMPATH\Config\Services.php(715): CodeIgniter\Session\Session->start()
 6 SYSTEMPATH\Config\BaseService.php(325): CodeIgniter\Config\Services::session(Object(Config\Session), false)
 7 SYSTEMPATH\Config\BaseService.php(264): CodeIgniter\Config\BaseService::__callStatic('session', [...])
 8 SYSTEMPATH\Config\Services.php(668): CodeIgniter\Config\BaseService::getSharedInstance('session', null)
 9 SYSTEMPATH\Config\BaseService.php(334): CodeIgniter\Config\Services::session()
10 SYSTEMPATH\Config\BaseService.php(203): CodeIgniter\Config\BaseService::__callStatic('session', [])
11 SYSTEMPATH\Common.php(1078): CodeIgniter\Config\BaseService::get('session')
12 SYSTEMPATH\Common.php(1051): service('session')
13 APPPATH\Views\layout\header.php(25): session()
14 SYSTEMPATH\View\View.php(240): include('C:\\Users\\Joseph Jadlocon\\OneDrive\\New Folder\\Son-Sun-Solar\\app\\Views\\layout\\header.php')
15 SYSTEMPATH\View\View.php(243): CodeIgniter\View\View->CodeIgniter\View\{closure}()
16 SYSTEMPATH\Common.php(1250): CodeIgniter\View\View->render('layout/header', [], true)
17 APPPATH\Views\home.php(1): view('layout/header')
18 SYSTEMPATH\View\View.php(240): include('C:\\Users\\Joseph Jadlocon\\OneDrive\\New Folder\\Son-Sun-Solar\\app\\Views\\home.php')
19 SYSTEMPATH\View\View.php(243): CodeIgniter\View\View->CodeIgniter\View\{closure}()
20 SYSTEMPATH\Common.php(1250): CodeIgniter\View\View->render('home', [], true)
21 APPPATH\Controllers\Pages.php(11): view('home')
22 SYSTEMPATH\CodeIgniter.php(951): App\Controllers\Pages->home()
23 SYSTEMPATH\CodeIgniter.php(497): CodeIgniter\CodeIgniter->runController(Object(App\Controllers\Pages))
24 SYSTEMPATH\CodeIgniter.php(340): CodeIgniter\CodeIgniter->handleRequest(null, Object(Config\Cache), false)
25 SYSTEMPATH\Boot.php(417): CodeIgniter\CodeIgniter->run()
26 SYSTEMPATH\Boot.php(68): CodeIgniter\Boot::runCodeIgniter(Object(CodeIgniter\CodeIgniter))
27 FCPATH\index.php(59): CodeIgniter\Boot::bootWeb(Object(Config\Paths))
28 SYSTEMPATH\rewrite.php(44): require_once('C:\\Users\\Joseph Jadlocon\\OneDrive\\New Folder\\Son-Sun-Solar\\public\\index.php')
CRITICAL - 2026-09-30 06:16:30 --> CodeIgniter\Session\Exceptions\SessionException: Session: Configured save path "C:\Users\Joseph Jadlocon\OneDrive\New Folder\Son-Sun-Solar\writable\session" is not writable by the PHP process.
[Method: GET, Route: /]
in SYSTEMPATH\Session\Handlers\FileHandler.php on line 102.
 1 SYSTEMPATH\Session\Handlers\FileHandler.php(102): CodeIgniter\Session\Exceptions\SessionException::forWriteProtectedSavePath('C:\\Users\\Joseph Jadlocon\\OneDrive\\New Folder\\Son-Sun-Solar\\writable\\session')
 2 [internal function]: CodeIgniter\Session\Handlers\FileHandler->open('C:\\Users\\Joseph Jadlocon\\OneDrive\\New Folder\\Son-Sun-Solar\\writable\\session', 'ci_session')
 3 SYSTEMPATH\Session\Session.php(625): session_start()
 4 SYSTEMPATH\Session\Session.php(120): CodeIgniter\Session\Session->startSession()
 5 SYSTEMPATH\Config\Services.php(715): CodeIgniter\Session\Session->start()
 6 SYSTEMPATH\Config\BaseService.php(325): CodeIgniter\Config\Services::session(Object(Config\Session), false)
 7 SYSTEMPATH\Config\BaseService.php(264): CodeIgniter\Config\BaseService::__callStatic('session', [...])
 8 SYSTEMPATH\Config\Services.php(668): CodeIgniter\Config\BaseService::getSharedInstance('session', null)
 9 SYSTEMPATH\Config\BaseService.php(334): CodeIgniter\Config\Services::session()
10 SYSTEMPATH\Config\BaseService.php(203): CodeIgniter\Config\BaseService::__callStatic('session', [])
11 SYSTEMPATH\Common.php(1078): CodeIgniter\Config\BaseService::get('session')
12 SYSTEMPATH\Common.php(1051): service('session')
13 APPPATH\Views\layout\header.php(25): session()
14 SYSTEMPATH\View\View.php(240): include('C:\\Users\\Joseph Jadlocon\\OneDrive\\New Folder\\Son-Sun-Solar\\app\\Views\\layout\\header.php')
15 SYSTEMPATH\View\View.php(243): CodeIgniter\View\View->CodeIgniter\View\{closure}()
16 SYSTEMPATH\Common.php(1250): CodeIgniter\View\View->render('layout/header', [], true)
17 APPPATH\Views\home.php(1): view('layout/header')
18 SYSTEMPATH\View\View.php(240): include('C:\\Users\\Joseph Jadlocon\\OneDrive\\New Folder\\Son-Sun-Solar\\app\\Views\\home.php')
19 SYSTEMPATH\View\View.php(243): CodeIgniter\View\View->CodeIgniter\View\{closure}()
20 SYSTEMPATH\Common.php(1250): CodeIgniter\View\View->render('home', [], true)
21 APPPATH\Controllers\Pages.php(11): view('home')
22 SYSTEMPATH\CodeIgniter.php(951): App\Controllers\Pages->home()
23 SYSTEMPATH\CodeIgniter.php(497): CodeIgniter\CodeIgniter->runController(Object(App\Controllers\Pages))
24 SYSTEMPATH\CodeIgniter.php(340): CodeIgniter\CodeIgniter->handleRequest(null, Object(Config\Cache), false)
25 SYSTEMPATH\Boot.php(417): CodeIgniter\CodeIgniter->run()
26 SYSTEMPATH\Boot.php(68): CodeIgniter\Boot::runCodeIgniter(Object(CodeIgniter\CodeIgniter))
27 FCPATH\index.php(59): CodeIgniter\Boot::bootWeb(Object(Config\Paths))
28 SYSTEMPATH\rewrite.php(44): require_once('C:\\Users\\Joseph Jadlocon\\OneDrive\\New Folder\\Son-Sun-Solar\\public\\index.php')
CRITICAL - 2026-09-30 06:16:33 --> CodeIgniter\Session\Exceptions\SessionException: Session: Configured save path "C:\Users\Joseph Jadlocon\OneDrive\New Folder\Son-Sun-Solar\writable\session" is not writable by the PHP process.
[Method: GET, Route: /]
in SYSTEMPATH\Session\Handlers\FileHandler.php on line 102.
 1 SYSTEMPATH\Session\Handlers\FileHandler.php(102): CodeIgniter\Session\Exceptions\SessionException::forWriteProtectedSavePath('C:\\Users\\Joseph Jadlocon\\OneDrive\\New Folder\\Son-Sun-Solar\\writable\\session')
 2 [internal function]: CodeIgniter\Session\Handlers\FileHandler->open('C:\\Users\\Joseph Jadlocon\\OneDrive\\New Folder\\Son-Sun-Solar\\writable\\session', 'ci_session')
 3 SYSTEMPATH\Session\Session.php(625): session_start()
 4 SYSTEMPATH\Session\Session.php(120): CodeIgniter\Session\Session->startSession()
 5 SYSTEMPATH\Config\Services.php(715): CodeIgniter\Session\Session->start()
 6 SYSTEMPATH\Config\BaseService.php(325): CodeIgniter\Config\Services::session(Object(Config\Session), false)
 7 SYSTEMPATH\Config\BaseService.php(264): CodeIgniter\Config\BaseService::__callStatic('session', [...])
 8 SYSTEMPATH\Config\Services.php(668): CodeIgniter\Config\BaseService::getSharedInstance('session', null)
 9 SYSTEMPATH\Config\BaseService.php(334): CodeIgniter\Config\Services::session()
10 SYSTEMPATH\Config\BaseService.php(203): CodeIgniter\Config\BaseService::__callStatic('session', [])
11 SYSTEMPATH\Common.php(1078): CodeIgniter\Config\BaseService::get('session')
12 SYSTEMPATH\Common.php(1051): service('session')
13 APPPATH\Views\layout\header.php(25): session()
14 SYSTEMPATH\View\View.php(240): include('C:\\Users\\Joseph Jadlocon\\OneDrive\\New Folder\\Son-Sun-Solar\\app\\Views\\layout\\header.php')
15 SYSTEMPATH\View\View.php(243): CodeIgniter\View\View->CodeIgniter\View\{closure}()
16 SYSTEMPATH\Common.php(1250): CodeIgniter\View\View->render('layout/header', [], true)
17 APPPATH\Views\home.php(1): view('layout/header')
18 SYSTEMPATH\View\View.php(240): include('C:\\Users\\Joseph Jadlocon\\OneDrive\\New Folder\\Son-Sun-Solar\\app\\Views\\home.php')
19 SYSTEMPATH\View\View.php(243): CodeIgniter\View\View->CodeIgniter\View\{closure}()
20 SYSTEMPATH\Common.php(1250): CodeIgniter\View\View->render('home', [], true)
21 APPPATH\Controllers\Pages.php(11): view('home')
22 SYSTEMPATH\CodeIgniter.php(951): App\Controllers\Pages->home()
23 SYSTEMPATH\CodeIgniter.php(497): CodeIgniter\CodeIgniter->runController(Object(App\Controllers\Pages))
24 SYSTEMPATH\CodeIgniter.php(340): CodeIgniter\CodeIgniter->handleRequest(null, Object(Config\Cache), false)
25 SYSTEMPATH\Boot.php(417): CodeIgniter\CodeIgniter->run()
26 SYSTEMPATH\Boot.php(68): CodeIgniter\Boot::runCodeIgniter(Object(CodeIgniter\CodeIgniter))
27 FCPATH\index.php(59): CodeIgniter\Boot::bootWeb(Object(Config\Paths))
28 SYSTEMPATH\rewrite.php(44): require_once('C:\\Users\\Joseph Jadlocon\\OneDrive\\New Folder\\Son-Sun-Solar\\public\\index.php')
CRITICAL - 2026-09-30 06:16:35 --> CodeIgniter\Session\Exceptions\SessionException: Session: Configured save path "C:\Users\Joseph Jadlocon\OneDrive\New Folder\Son-Sun-Solar\writable\session" is not writable by the PHP process.
[Method: GET, Route: /]
in SYSTEMPATH\Session\Handlers\FileHandler.php on line 102.
 1 SYSTEMPATH\Session\Handlers\FileHandler.php(102): CodeIgniter\Session\Exceptions\SessionException::forWriteProtectedSavePath('C:\\Users\\Joseph Jadlocon\\OneDrive\\New Folder\\Son-Sun-Solar\\writable\\session')
 2 [internal function]: CodeIgniter\Session\Handlers\FileHandler->open('C:\\Users\\Joseph Jadlocon\\OneDrive\\New Folder\\Son-Sun-Solar\\writable\\session', 'ci_session')
 3 SYSTEMPATH\Session\Session.php(625): session_start()
 4 SYSTEMPATH\Session\Session.php(120): CodeIgniter\Session\Session->startSession()
 5 SYSTEMPATH\Config\Services.php(715): CodeIgniter\Session\Session->start()
 6 SYSTEMPATH\Config\BaseService.php(325): CodeIgniter\Config\Services::session(Object(Config\Session), false)
 7 SYSTEMPATH\Config\BaseService.php(264): CodeIgniter\Config\BaseService::__callStatic('session', [...])
 8 SYSTEMPATH\Config\Services.php(668): CodeIgniter\Config\BaseService::getSharedInstance('session', null)
 9 SYSTEMPATH\Config\BaseService.php(334): CodeIgniter\Config\Services::session()
10 SYSTEMPATH\Config\BaseService.php(203): CodeIgniter\Config\BaseService::__callStatic('session', [])
11 SYSTEMPATH\Common.php(1078): CodeIgniter\Config\BaseService::get('session')
12 SYSTEMPATH\Common.php(1051): service('session')
13 APPPATH\Views\layout\header.php(25): session()
14 SYSTEMPATH\View\View.php(240): include('C:\\Users\\Joseph Jadlocon\\OneDrive\\New Folder\\Son-Sun-Solar\\app\\Views\\layout\\header.php')
15 SYSTEMPATH\View\View.php(243): CodeIgniter\View\View->CodeIgniter\View\{closure}()
16 SYSTEMPATH\Common.php(1250): CodeIgniter\View\View->render('layout/header', [], true)
17 APPPATH\Views\home.php(1): view('layout/header')
18 SYSTEMPATH\View\View.php(240): include('C:\\Users\\Joseph Jadlocon\\OneDrive\\New Folder\\Son-Sun-Solar\\app\\Views\\home.php')
19 SYSTEMPATH\View\View.php(243): CodeIgniter\View\View->CodeIgniter\View\{closure}()
20 SYSTEMPATH\Common.php(1250): CodeIgniter\View\View->render('home', [], true)
21 APPPATH\Controllers\Pages.php(11): view('home')
22 SYSTEMPATH\CodeIgniter.php(951): App\Controllers\Pages->home()
23 SYSTEMPATH\CodeIgniter.php(497): CodeIgniter\CodeIgniter->runController(Object(App\Controllers\Pages))
24 SYSTEMPATH\CodeIgniter.php(340): CodeIgniter\CodeIgniter->handleRequest(null, Object(Config\Cache), false)
25 SYSTEMPATH\Boot.php(417): CodeIgniter\CodeIgniter->run()
26 SYSTEMPATH\Boot.php(68): CodeIgniter\Boot::runCodeIgniter(Object(CodeIgniter\CodeIgniter))
27 FCPATH\index.php(59): CodeIgniter\Boot::bootWeb(Object(Config\Paths))
28 SYSTEMPATH\rewrite.php(44): require_once('C:\\Users\\Joseph Jadlocon\\OneDrive\\New Folder\\Son-Sun-Solar\\public\\index.php')
CRITICAL - 2026-09-30 06:30:19 --> CodeIgniter\Session\Exceptions\SessionException: Session: Configured save path "C:\Users\Joseph Jadlocon\OneDrive\New Folder\Son-Sun-Solar\writable\session" is not writable by the PHP process.
[Method: GET, Route: /]
in SYSTEMPATH\Session\Handlers\FileHandler.php on line 102.
 1 SYSTEMPATH\Session\Handlers\FileHandler.php(102): CodeIgniter\Session\Exceptions\SessionException::forWriteProtectedSavePath('C:\\Users\\Joseph Jadlocon\\OneDrive\\New Folder\\Son-Sun-Solar\\writable\\session')
 2 [internal function]: CodeIgniter\Session\Handlers\FileHandler->open('C:\\Users\\Joseph Jadlocon\\OneDrive\\New Folder\\Son-Sun-Solar\\writable\\session', 'ci_session')
 3 SYSTEMPATH\Session\Session.php(625): session_start()
 4 SYSTEMPATH\Session\Session.php(120): CodeIgniter\Session\Session->startSession()
 5 SYSTEMPATH\Config\Services.php(715): CodeIgniter\Session\Session->start()
 6 SYSTEMPATH\Config\BaseService.php(325): CodeIgniter\Config\Services::session(Object(Config\Session), false)
 7 SYSTEMPATH\Config\BaseService.php(264): CodeIgniter\Config\BaseService::__callStatic('session', [...])
 8 SYSTEMPATH\Config\Services.php(668): CodeIgniter\Config\BaseService::getSharedInstance('session', null)
 9 SYSTEMPATH\Config\BaseService.php(334): CodeIgniter\Config\Services::session()
10 SYSTEMPATH\Config\BaseService.php(203): CodeIgniter\Config\BaseService::__callStatic('session', [])
11 SYSTEMPATH\Common.php(1078): CodeIgniter\Config\BaseService::get('session')
12 SYSTEMPATH\Common.php(1051): service('session')
13 APPPATH\Views\layout\header.php(25): session()
14 SYSTEMPATH\View\View.php(240): include('C:\\Users\\Joseph Jadlocon\\OneDrive\\New Folder\\Son-Sun-Solar\\app\\Views\\layout\\header.php')
15 SYSTEMPATH\View\View.php(243): CodeIgniter\View\View->CodeIgniter\View\{closure}()
16 SYSTEMPATH\Common.php(1250): CodeIgniter\View\View->render('layout/header', [], true)
17 APPPATH\Views\home.php(1): view('layout/header')
18 SYSTEMPATH\View\View.php(240): include('C:\\Users\\Joseph Jadlocon\\OneDrive\\New Folder\\Son-Sun-Solar\\app\\Views\\home.php')
19 SYSTEMPATH\View\View.php(243): CodeIgniter\View\View->CodeIgniter\View\{closure}()
20 SYSTEMPATH\Common.php(1250): CodeIgniter\View\View->render('home', [], true)
21 APPPATH\Controllers\Pages.php(11): view('home')
22 SYSTEMPATH\CodeIgniter.php(951): App\Controllers\Pages->home()
23 SYSTEMPATH\CodeIgniter.php(497): CodeIgniter\CodeIgniter->runController(Object(App\Controllers\Pages))
24 SYSTEMPATH\CodeIgniter.php(340): CodeIgniter\CodeIgniter->handleRequest(null, Object(Config\Cache), false)
25 SYSTEMPATH\Boot.php(417): CodeIgniter\CodeIgniter->run()
26 SYSTEMPATH\Boot.php(68): CodeIgniter\Boot::runCodeIgniter(Object(CodeIgniter\CodeIgniter))
27 FCPATH\index.php(59): CodeIgniter\Boot::bootWeb(Object(Config\Paths))
28 SYSTEMPATH\rewrite.php(44): require_once('C:\\Users\\Joseph Jadlocon\\OneDrive\\New Folder\\Son-Sun-Solar\\public\\index.php')
CRITICAL - 2026-09-30 06:38:04 --> CodeIgniter\Session\Exceptions\SessionException: Session: Configured save path "C:\Users\Joseph Jadlocon\OneDrive\New Folder\Son-Sun-Solar\writable\session" is not writable by the PHP process.
[Method: GET, Route: /]
in SYSTEMPATH\Session\Handlers\FileHandler.php on line 102.
 1 SYSTEMPATH\Session\Handlers\FileHandler.php(102): CodeIgniter\Session\Exceptions\SessionException::forWriteProtectedSavePath('C:\\Users\\Joseph Jadlocon\\OneDrive\\New Folder\\Son-Sun-Solar\\writable\\session')
 2 [internal function]: CodeIgniter\Session\Handlers\FileHandler->open('C:\\Users\\Joseph Jadlocon\\OneDrive\\New Folder\\Son-Sun-Solar\\writable\\session', 'ci_session')
 3 SYSTEMPATH\Session\Session.php(625): session_start()
 4 SYSTEMPATH\Session\Session.php(120): CodeIgniter\Session\Session->startSession()
 5 SYSTEMPATH\Config\Services.php(715): CodeIgniter\Session\Session->start()
 6 SYSTEMPATH\Config\BaseService.php(325): CodeIgniter\Config\Services::session(Object(Config\Session), false)
 7 SYSTEMPATH\Config\BaseService.php(264): CodeIgniter\Config\BaseService::__callStatic('session', [...])
 8 SYSTEMPATH\Config\Services.php(668): CodeIgniter\Config\BaseService::getSharedInstance('session', null)
 9 SYSTEMPATH\Config\BaseService.php(334): CodeIgniter\Config\Services::session()
10 SYSTEMPATH\Config\BaseService.php(203): CodeIgniter\Config\BaseService::__callStatic('session', [])
11 SYSTEMPATH\Common.php(1078): CodeIgniter\Config\BaseService::get('session')
12 SYSTEMPATH\Common.php(1051): service('session')
13 APPPATH\Views\layout\header.php(25): session()
14 SYSTEMPATH\View\View.php(240): include('C:\\Users\\Joseph Jadlocon\\OneDrive\\New Folder\\Son-Sun-Solar\\app\\Views\\layout\\header.php')
15 SYSTEMPATH\View\View.php(243): CodeIgniter\View\View->CodeIgniter\View\{closure}()
16 SYSTEMPATH\Common.php(1250): CodeIgniter\View\View->render('layout/header', [], true)
17 APPPATH\Views\home.php(1): view('layout/header')
18 SYSTEMPATH\View\View.php(240): include('C:\\Users\\Joseph Jadlocon\\OneDrive\\New Folder\\Son-Sun-Solar\\app\\Views\\home.php')
19 SYSTEMPATH\View\View.php(243): CodeIgniter\View\View->CodeIgniter\View\{closure}()
20 SYSTEMPATH\Common.php(1250): CodeIgniter\View\View->render('home', [], true)
21 APPPATH\Controllers\Pages.php(11): view('home')
22 SYSTEMPATH\CodeIgniter.php(951): App\Controllers\Pages->home()
23 SYSTEMPATH\CodeIgniter.php(497): CodeIgniter\CodeIgniter->runController(Object(App\Controllers\Pages))
24 SYSTEMPATH\CodeIgniter.php(340): CodeIgniter\CodeIgniter->handleRequest(null, Object(Config\Cache), false)
25 SYSTEMPATH\Boot.php(417): CodeIgniter\CodeIgniter->run()
26 SYSTEMPATH\Boot.php(68): CodeIgniter\Boot::runCodeIgniter(Object(CodeIgniter\CodeIgniter))
27 FCPATH\index.php(59): CodeIgniter\Boot::bootWeb(Object(Config\Paths))
28 SYSTEMPATH\rewrite.php(44): require_once('C:\\Users\\Joseph Jadlocon\\OneDrive\\New Folder\\Son-Sun-Solar\\public\\index.php')
CRITICAL - 2026-09-30 06:38:06 --> CodeIgniter\Session\Exceptions\SessionException: Session: Configured save path "C:\Users\Joseph Jadlocon\OneDrive\New Folder\Son-Sun-Solar\writable\session" is not writable by the PHP process.
[Method: GET, Route: /]
in SYSTEMPATH\Session\Handlers\FileHandler.php on line 102.
 1 SYSTEMPATH\Session\Handlers\FileHandler.php(102): CodeIgniter\Session\Exceptions\SessionException::forWriteProtectedSavePath('C:\\Users\\Joseph Jadlocon\\OneDrive\\New Folder\\Son-Sun-Solar\\writable\\session')
 2 [internal function]: CodeIgniter\Session\Handlers\FileHandler->open('C:\\Users\\Joseph Jadlocon\\OneDrive\\New Folder\\Son-Sun-Solar\\writable\\session', 'ci_session')
 3 SYSTEMPATH\Session\Session.php(625): session_start()
 4 SYSTEMPATH\Session\Session.php(120): CodeIgniter\Session\Session->startSession()
 5 SYSTEMPATH\Config\Services.php(715): CodeIgniter\Session\Session->start()
 6 SYSTEMPATH\Config\BaseService.php(325): CodeIgniter\Config\Services::session(Object(Config\Session), false)
 7 SYSTEMPATH\Config\BaseService.php(264): CodeIgniter\Config\BaseService::__callStatic('session', [...])
 8 SYSTEMPATH\Config\Services.php(668): CodeIgniter\Config\BaseService::getSharedInstance('session', null)
 9 SYSTEMPATH\Config\BaseService.php(334): CodeIgniter\Config\Services::session()
10 SYSTEMPATH\Config\BaseService.php(203): CodeIgniter\Config\BaseService::__callStatic('session', [])
11 SYSTEMPATH\Common.php(1078): CodeIgniter\Config\BaseService::get('session')
12 SYSTEMPATH\Common.php(1051): service('session')
13 APPPATH\Views\layout\header.php(25): session()
14 SYSTEMPATH\View\View.php(240): include('C:\\Users\\Joseph Jadlocon\\OneDrive\\New Folder\\Son-Sun-Solar\\app\\Views\\layout\\header.php')
15 SYSTEMPATH\View\View.php(243): CodeIgniter\View\View->CodeIgniter\View\{closure}()
16 SYSTEMPATH\Common.php(1250): CodeIgniter\View\View->render('layout/header', [], true)
17 APPPATH\Views\home.php(1): view('layout/header')
18 SYSTEMPATH\View\View.php(240): include('C:\\Users\\Joseph Jadlocon\\OneDrive\\New Folder\\Son-Sun-Solar\\app\\Views\\home.php')
19 SYSTEMPATH\View\View.php(243): CodeIgniter\View\View->CodeIgniter\View\{closure}()
20 SYSTEMPATH\Common.php(1250): CodeIgniter\View\View->render('home', [], true)
21 APPPATH\Controllers\Pages.php(11): view('home')
22 SYSTEMPATH\CodeIgniter.php(951): App\Controllers\Pages->home()
23 SYSTEMPATH\CodeIgniter.php(497): CodeIgniter\CodeIgniter->runController(Object(App\Controllers\Pages))
24 SYSTEMPATH\CodeIgniter.php(340): CodeIgniter\CodeIgniter->handleRequest(null, Object(Config\Cache), false)
25 SYSTEMPATH\Boot.php(417): CodeIgniter\CodeIgniter->run()
26 SYSTEMPATH\Boot.php(68): CodeIgniter\Boot::runCodeIgniter(Object(CodeIgniter\CodeIgniter))
27 FCPATH\index.php(59): CodeIgniter\Boot::bootWeb(Object(Config\Paths))
28 SYSTEMPATH\rewrite.php(44): require_once('C:\\Users\\Joseph Jadlocon\\OneDrive\\New Folder\\Son-Sun-Solar\\public\\index.php')
DEBUG - 2026-09-30 06:39:58 --> Session: Class initialized using 'CodeIgniter\Session\Handlers\FileHandler' driver.
CRITICAL - 2026-09-30 06:53:33 --> CodeIgniter\Session\Exceptions\SessionException: Session: Configured save path "null" is not writable by the PHP process.
[Method: GET, Route: /]
in SYSTEMPATH\Session\Handlers\FileHandler.php on line 102.
 1 SYSTEMPATH\Session\Handlers\FileHandler.php(102): CodeIgniter\Session\Exceptions\SessionException::forWriteProtectedSavePath('null')
 2 [internal function]: CodeIgniter\Session\Handlers\FileHandler->open('null', 'ci_session')
 3 SYSTEMPATH\Session\Session.php(625): session_start()
 4 SYSTEMPATH\Session\Session.php(120): CodeIgniter\Session\Session->startSession()
 5 SYSTEMPATH\Config\Services.php(715): CodeIgniter\Session\Session->start()
 6 SYSTEMPATH\Config\BaseService.php(325): CodeIgniter\Config\Services::session(Object(Config\Session), false)
 7 SYSTEMPATH\Config\BaseService.php(264): CodeIgniter\Config\BaseService::__callStatic('session', [...])
 8 SYSTEMPATH\Config\Services.php(668): CodeIgniter\Config\BaseService::getSharedInstance('session', null)
 9 SYSTEMPATH\Config\BaseService.php(334): CodeIgniter\Config\Services::session()
10 SYSTEMPATH\Config\BaseService.php(203): CodeIgniter\Config\BaseService::__callStatic('session', [])
11 SYSTEMPATH\Common.php(1078): CodeIgniter\Config\BaseService::get('session')
12 SYSTEMPATH\Common.php(1051): service('session')
13 APPPATH\Views\layout\header.php(25): session()
14 SYSTEMPATH\View\View.php(240): include('C:\\Users\\Joseph Jadlocon\\OneDrive\\New Folder\\Son-Sun-Solar\\app\\Views\\layout\\header.php')
15 SYSTEMPATH\View\View.php(243): CodeIgniter\View\View->CodeIgniter\View\{closure}()
16 SYSTEMPATH\Common.php(1250): CodeIgniter\View\View->render('layout/header', [], true)
17 APPPATH\Views\home.php(1): view('layout/header')
18 SYSTEMPATH\View\View.php(240): include('C:\\Users\\Joseph Jadlocon\\OneDrive\\New Folder\\Son-Sun-Solar\\app\\Views\\home.php')
19 SYSTEMPATH\View\View.php(243): CodeIgniter\View\View->CodeIgniter\View\{closure}()
20 SYSTEMPATH\Common.php(1250): CodeIgniter\View\View->render('home', [], true)
21 APPPATH\Controllers\Pages.php(11): view('home')
22 SYSTEMPATH\CodeIgniter.php(951): App\Controllers\Pages->home()
23 SYSTEMPATH\CodeIgniter.php(497): CodeIgniter\CodeIgniter->runController(Object(App\Controllers\Pages))
24 SYSTEMPATH\CodeIgniter.php(340): CodeIgniter\CodeIgniter->handleRequest(null, Object(Config\Cache), false)
25 SYSTEMPATH\Boot.php(417): CodeIgniter\CodeIgniter->run()
26 SYSTEMPATH\Boot.php(68): CodeIgniter\Boot::runCodeIgniter(Object(CodeIgniter\CodeIgniter))
27 FCPATH\index.php(59): CodeIgniter\Boot::bootWeb(Object(Config\Paths))
28 SYSTEMPATH\rewrite.php(44): require_once('C:\\Users\\Joseph Jadlocon\\OneDrive\\New Folder\\Son-Sun-Solar\\public\\index.php')
CRITICAL - 2026-09-30 07:01:25 --> CodeIgniter\Session\Exceptions\SessionException: Session: Configured save path "C:\Users\Joseph Jadlocon\OneDrive\New Folder\Son-Sun-Solar\writable\session" is not writable by the PHP process.
[Method: GET, Route: /]
in SYSTEMPATH\Session\Handlers\FileHandler.php on line 102.
 1 SYSTEMPATH\Session\Handlers\FileHandler.php(102): CodeIgniter\Session\Exceptions\SessionException::forWriteProtectedSavePath('C:\\Users\\Joseph Jadlocon\\OneDrive\\New Folder\\Son-Sun-Solar\\writable\\session')
 2 [internal function]: CodeIgniter\Session\Handlers\FileHandler->open('C:\\Users\\Joseph Jadlocon\\OneDrive\\New Folder\\Son-Sun-Solar\\writable\\session', 'ci_session')
 3 SYSTEMPATH\Session\Session.php(625): session_start()
 4 SYSTEMPATH\Session\Session.php(120): CodeIgniter\Session\Session->startSession()
 5 SYSTEMPATH\Config\Services.php(715): CodeIgniter\Session\Session->start()
 6 SYSTEMPATH\Config\BaseService.php(325): CodeIgniter\Config\Services::session(Object(Config\Session), false)
 7 SYSTEMPATH\Config\BaseService.php(264): CodeIgniter\Config\BaseService::__callStatic('session', [...])
 8 SYSTEMPATH\Config\Services.php(668): CodeIgniter\Config\BaseService::getSharedInstance('session', null)
 9 SYSTEMPATH\Config\BaseService.php(334): CodeIgniter\Config\Services::session()
10 SYSTEMPATH\Config\BaseService.php(203): CodeIgniter\Config\BaseService::__callStatic('session', [])
11 SYSTEMPATH\Common.php(1078): CodeIgniter\Config\BaseService::get('session')
12 SYSTEMPATH\Common.php(1051): service('session')
13 APPPATH\Views\layout\header.php(25): session()
14 SYSTEMPATH\View\View.php(240): include('C:\\Users\\Joseph Jadlocon\\OneDrive\\New Folder\\Son-Sun-Solar\\app\\Views\\layout\\header.php')
15 SYSTEMPATH\View\View.php(243): CodeIgniter\View\View->CodeIgniter\View\{closure}()
16 SYSTEMPATH\Common.php(1250): CodeIgniter\View\View->render('layout/header', [], true)
17 APPPATH\Views\home.php(1): view('layout/header')
18 SYSTEMPATH\View\View.php(240): include('C:\\Users\\Joseph Jadlocon\\OneDrive\\New Folder\\Son-Sun-Solar\\app\\Views\\home.php')
19 SYSTEMPATH\View\View.php(243): CodeIgniter\View\View->CodeIgniter\View\{closure}()
20 SYSTEMPATH\Common.php(1250): CodeIgniter\View\View->render('home', [], true)
21 APPPATH\Controllers\Pages.php(11): view('home')
22 SYSTEMPATH\CodeIgniter.php(951): App\Controllers\Pages->home()
23 SYSTEMPATH\CodeIgniter.php(497): CodeIgniter\CodeIgniter->runController(Object(App\Controllers\Pages))
24 SYSTEMPATH\CodeIgniter.php(340): CodeIgniter\CodeIgniter->handleRequest(null, Object(Config\Cache), false)
25 SYSTEMPATH\Boot.php(417): CodeIgniter\CodeIgniter->run()
26 SYSTEMPATH\Boot.php(68): CodeIgniter\Boot::runCodeIgniter(Object(CodeIgniter\CodeIgniter))
27 FCPATH\index.php(59): CodeIgniter\Boot::bootWeb(Object(Config\Paths))
28 SYSTEMPATH\rewrite.php(44): require_once('C:\\Users\\Joseph Jadlocon\\OneDrive\\New Folder\\Son-Sun-Solar\\public\\index.php')
CRITICAL - 2026-09-30 07:01:30 --> CodeIgniter\Session\Exceptions\SessionException: Session: Configured save path "C:\Users\Joseph Jadlocon\OneDrive\New Folder\Son-Sun-Solar\writable\session" is not writable by the PHP process.
[Method: GET, Route: /]
in SYSTEMPATH\Session\Handlers\FileHandler.php on line 102.
 1 SYSTEMPATH\Session\Handlers\FileHandler.php(102): CodeIgniter\Session\Exceptions\SessionException::forWriteProtectedSavePath('C:\\Users\\Joseph Jadlocon\\OneDrive\\New Folder\\Son-Sun-Solar\\writable\\session')
 2 [internal function]: CodeIgniter\Session\Handlers\FileHandler->open('C:\\Users\\Joseph Jadlocon\\OneDrive\\New Folder\\Son-Sun-Solar\\writable\\session', 'ci_session')
 3 SYSTEMPATH\Session\Session.php(625): session_start()
 4 SYSTEMPATH\Session\Session.php(120): CodeIgniter\Session\Session->startSession()
 5 SYSTEMPATH\Config\Services.php(715): CodeIgniter\Session\Session->start()
 6 SYSTEMPATH\Config\BaseService.php(325): CodeIgniter\Config\Services::session(Object(Config\Session), false)
 7 SYSTEMPATH\Config\BaseService.php(264): CodeIgniter\Config\BaseService::__callStatic('session', [...])
 8 SYSTEMPATH\Config\Services.php(668): CodeIgniter\Config\BaseService::getSharedInstance('session', null)
 9 SYSTEMPATH\Config\BaseService.php(334): CodeIgniter\Config\Services::session()
10 SYSTEMPATH\Config\BaseService.php(203): CodeIgniter\Config\BaseService::__callStatic('session', [])
11 SYSTEMPATH\Common.php(1078): CodeIgniter\Config\BaseService::get('session')
12 SYSTEMPATH\Common.php(1051): service('session')
13 APPPATH\Views\layout\header.php(25): session()
14 SYSTEMPATH\View\View.php(240): include('C:\\Users\\Joseph Jadlocon\\OneDrive\\New Folder\\Son-Sun-Solar\\app\\Views\\layout\\header.php')
15 SYSTEMPATH\View\View.php(243): CodeIgniter\View\View->CodeIgniter\View\{closure}()
16 SYSTEMPATH\Common.php(1250): CodeIgniter\View\View->render('layout/header', [], true)
17 APPPATH\Views\home.php(1): view('layout/header')
18 SYSTEMPATH\View\View.php(240): include('C:\\Users\\Joseph Jadlocon\\OneDrive\\New Folder\\Son-Sun-Solar\\app\\Views\\home.php')
19 SYSTEMPATH\View\View.php(243): CodeIgniter\View\View->CodeIgniter\View\{closure}()
20 SYSTEMPATH\Common.php(1250): CodeIgniter\View\View->render('home', [], true)
21 APPPATH\Controllers\Pages.php(11): view('home')
22 SYSTEMPATH\CodeIgniter.php(951): App\Controllers\Pages->home()
23 SYSTEMPATH\CodeIgniter.php(497): CodeIgniter\CodeIgniter->runController(Object(App\Controllers\Pages))
24 SYSTEMPATH\CodeIgniter.php(340): CodeIgniter\CodeIgniter->handleRequest(null, Object(Config\Cache), false)
25 SYSTEMPATH\Boot.php(417): CodeIgniter\CodeIgniter->run()
26 SYSTEMPATH\Boot.php(68): CodeIgniter\Boot::runCodeIgniter(Object(CodeIgniter\CodeIgniter))
27 FCPATH\index.php(59): CodeIgniter\Boot::bootWeb(Object(Config\Paths))
28 SYSTEMPATH\rewrite.php(44): require_once('C:\\Users\\Joseph Jadlocon\\OneDrive\\New Folder\\Son-Sun-Solar\\public\\index.php')
CRITICAL - 2026-09-30 07:06:00 --> CodeIgniter\Session\Exceptions\SessionException: Session: Configured save path "C:\Users\Joseph Jadlocon\OneDrive\New Folder\Son-Sun-Solar\writable\session" is not writable by the PHP process.
[Method: GET, Route: /]
in SYSTEMPATH\Session\Handlers\FileHandler.php on line 102.
 1 SYSTEMPATH\Session\Handlers\FileHandler.php(102): CodeIgniter\Session\Exceptions\SessionException::forWriteProtectedSavePath('C:\\Users\\Joseph Jadlocon\\OneDrive\\New Folder\\Son-Sun-Solar\\writable\\session')
 2 [internal function]: CodeIgniter\Session\Handlers\FileHandler->open('C:\\Users\\Joseph Jadlocon\\OneDrive\\New Folder\\Son-Sun-Solar\\writable\\session', 'ci_session')
 3 SYSTEMPATH\Session\Session.php(625): session_start()
 4 SYSTEMPATH\Session\Session.php(120): CodeIgniter\Session\Session->startSession()
 5 SYSTEMPATH\Config\Services.php(715): CodeIgniter\Session\Session->start()
 6 SYSTEMPATH\Config\BaseService.php(325): CodeIgniter\Config\Services::session(Object(Config\Session), false)
 7 SYSTEMPATH\Config\BaseService.php(264): CodeIgniter\Config\BaseService::__callStatic('session', [...])
 8 SYSTEMPATH\Config\Services.php(668): CodeIgniter\Config\BaseService::getSharedInstance('session', null)
 9 SYSTEMPATH\Config\BaseService.php(334): CodeIgniter\Config\Services::session()
10 SYSTEMPATH\Config\BaseService.php(203): CodeIgniter\Config\BaseService::__callStatic('session', [])
11 SYSTEMPATH\Common.php(1078): CodeIgniter\Config\BaseService::get('session')
12 SYSTEMPATH\Common.php(1051): service('session')
13 APPPATH\Views\layout\header.php(25): session()
14 SYSTEMPATH\View\View.php(240): include('C:\\Users\\Joseph Jadlocon\\OneDrive\\New Folder\\Son-Sun-Solar\\app\\Views\\layout\\header.php')
15 SYSTEMPATH\View\View.php(243): CodeIgniter\View\View->CodeIgniter\View\{closure}()
16 SYSTEMPATH\Common.php(1250): CodeIgniter\View\View->render('layout/header', [], true)
17 APPPATH\Views\home.php(1): view('layout/header')
18 SYSTEMPATH\View\View.php(240): include('C:\\Users\\Joseph Jadlocon\\OneDrive\\New Folder\\Son-Sun-Solar\\app\\Views\\home.php')
19 SYSTEMPATH\View\View.php(243): CodeIgniter\View\View->CodeIgniter\View\{closure}()
20 SYSTEMPATH\Common.php(1250): CodeIgniter\View\View->render('home', [], true)
21 APPPATH\Controllers\Pages.php(11): view('home')
22 SYSTEMPATH\CodeIgniter.php(951): App\Controllers\Pages->home()
23 SYSTEMPATH\CodeIgniter.php(497): CodeIgniter\CodeIgniter->runController(Object(App\Controllers\Pages))
24 SYSTEMPATH\CodeIgniter.php(340): CodeIgniter\CodeIgniter->handleRequest(null, Object(Config\Cache), false)
25 SYSTEMPATH\Boot.php(417): CodeIgniter\CodeIgniter->run()
26 SYSTEMPATH\Boot.php(68): CodeIgniter\Boot::runCodeIgniter(Object(CodeIgniter\CodeIgniter))
27 FCPATH\index.php(59): CodeIgniter\Boot::bootWeb(Object(Config\Paths))
28 SYSTEMPATH\rewrite.php(44): require_once('C:\\Users\\Joseph Jadlocon\\OneDrive\\New Folder\\Son-Sun-Solar\\public\\index.php')
DEBUG - 2026-09-30 07:10:27 --> Session: Class initialized using 'CodeIgniter\Session\Handlers\FileHandler' driver.
DEBUG - 2026-09-30 07:13:29 --> Session: Class initialized using 'CodeIgniter\Session\Handlers\FileHandler' driver.
DEBUG - 2026-09-30 07:14:02 --> Session: Class initialized using 'CodeIgniter\Session\Handlers\FileHandler' driver.
DEBUG - 2026-09-30 07:14:06 --> Session: Class initialized using 'CodeIgniter\Session\Handlers\FileHandler' driver.
DEBUG - 2026-09-30 07:14:08 --> Session: Class initialized using 'CodeIgniter\Session\Handlers\FileHandler' driver.
DEBUG - 2026-09-30 07:14:09 --> Session: Class initialized using 'CodeIgniter\Session\Handlers\FileHandler' driver.
DEBUG - 2026-09-30 07:14:11 --> Session: Class initialized using 'CodeIgniter\Session\Handlers\FileHandler' driver.
DEBUG - 2026-09-30 07:14:13 --> Session: Class initialized using 'CodeIgniter\Session\Handlers\FileHandler' driver.
DEBUG - 2026-09-30 07:14:44 --> Session: Class initialized using 'CodeIgniter\Session\Handlers\FileHandler' driver.
DEBUG - 2026-09-30 07:14:46 --> Session: Class initialized using 'CodeIgniter\Session\Handlers\FileHandler' driver.
DEBUG - 2026-09-30 07:14:49 --> Session: Class initialized using 'CodeIgniter\Session\Handlers\FileHandler' driver.
DEBUG - 2026-09-30 07:14:51 --> Session: Class initialized using 'CodeIgniter\Session\Handlers\FileHandler' driver.
DEBUG - 2026-09-30 07:14:53 --> Session: Class initialized using 'CodeIgniter\Session\Handlers\FileHandler' driver.
DEBUG - 2026-09-30 07:15:19 --> Session: Class initialized using 'CodeIgniter\Session\Handlers\FileHandler' driver.
DEBUG - 2026-09-30 07:16:37 --> Session: Class initialized using 'CodeIgniter\Session\Handlers\FileHandler' driver.
DEBUG - 2026-09-30 07:16:41 --> Session: Class initialized using 'CodeIgniter\Session\Handlers\FileHandler' driver.
DEBUG - 2026-09-30 07:16:43 --> Session: Class initialized using 'CodeIgniter\Session\Handlers\FileHandler' driver.
DEBUG - 2026-09-30 07:16:45 --> Session: Class initialized using 'CodeIgniter\Session\Handlers\FileHandler' driver.
DEBUG - 2026-09-30 07:16:47 --> Session: Class initialized using 'CodeIgniter\Session\Handlers\FileHandler' driver.
DEBUG - 2026-09-30 07:16:57 --> Session: Class initialized using 'CodeIgniter\Session\Handlers\FileHandler' driver.
DEBUG - 2026-09-30 07:28:43 --> Session: Class initialized using 'CodeIgniter\Session\Handlers\FileHandler' driver.
DEBUG - 2026-09-30 07:28:49 --> Session: Class initialized using 'CodeIgniter\Session\Handlers\FileHandler' driver.
DEBUG - 2026-09-30 07:29:05 --> Session: Class initialized using 'CodeIgniter\Session\Handlers\FileHandler' driver.
DEBUG - 2026-09-30 07:29:08 --> Session: Class initialized using 'CodeIgniter\Session\Handlers\FileHandler' driver.
DEBUG - 2026-09-30 07:29:24 --> Session: Class initialized using 'CodeIgniter\Session\Handlers\FileHandler' driver.
DEBUG - 2026-09-30 07:29:48 --> Session: Class initialized using 'CodeIgniter\Session\Handlers\FileHandler' driver.
DEBUG - 2026-09-30 07:29:52 --> Session: Class initialized using 'CodeIgniter\Session\Handlers\FileHandler' driver.
DEBUG - 2026-09-30 10:29:07 --> Session: Class initialized using 'CodeIgniter\Session\Handlers\FileHandler' driver.
DEBUG - 2026-09-30 10:32:04 --> Session: Class initialized using 'CodeIgniter\Session\Handlers\FileHandler' driver.
DEBUG - 2026-09-30 10:32:05 --> Session: Class initialized using 'CodeIgniter\Session\Handlers\FileHandler' driver.
DEBUG - 2026-09-30 10:32:48 --> Session: Class initialized using 'CodeIgniter\Session\Handlers\FileHandler' driver.
DEBUG - 2026-09-30 10:32:48 --> Session: Class initialized using 'CodeIgniter\Session\Handlers\FileHandler' driver.
DEBUG - 2026-09-30 10:33:18 --> Session: Class initialized using 'CodeIgniter\Session\Handlers\FileHandler' driver.
DEBUG - 2026-09-30 10:33:18 --> Session: Class initialized using 'CodeIgniter\Session\Handlers\FileHandler' driver.
DEBUG - 2026-09-30 10:36:42 --> Session: Class initialized using 'CodeIgniter\Session\Handlers\FileHandler' driver.
DEBUG - 2026-09-30 10:48:32 --> Session: Class initialized using 'CodeIgniter\Session\Handlers\FileHandler' driver.
DEBUG - 2026-09-30 10:48:49 --> Session: Class initialized using 'CodeIgniter\Session\Handlers\FileHandler' driver.
DEBUG - 2026-09-30 10:48:49 --> Session: Class initialized using 'CodeIgniter\Session\Handlers\FileHandler' driver.
DEBUG - 2026-09-30 10:49:07 --> Session: Class initialized using 'CodeIgniter\Session\Handlers\FileHandler' driver.
DEBUG - 2026-09-30 10:49:07 --> Session: Class initialized using 'CodeIgniter\Session\Handlers\FileHandler' driver.
DEBUG - 2026-09-30 10:51:54 --> Session: Class initialized using 'CodeIgniter\Session\Handlers\FileHandler' driver.
DEBUG - 2026-09-30 10:51:54 --> Session: Class initialized using 'CodeIgniter\Session\Handlers\FileHandler' driver.
DEBUG - 2026-09-30 10:51:58 --> Session: Class initialized using 'CodeIgniter\Session\Handlers\FileHandler' driver.
DEBUG - 2026-09-30 10:52:13 --> Session: Class initialized using 'CodeIgniter\Session\Handlers\FileHandler' driver.
DEBUG - 2026-09-30 10:52:13 --> Session: Class initialized using 'CodeIgniter\Session\Handlers\FileHandler' driver.
